Fehler: Bei Einlesen wurden ein Wert gefunden, der nicht ganzzahlig ist. Es sind nur ganzzahlige Werte erlaubt.