# IHK Example 1
Startverteilung: (3,4,5)
Gewonnene Spiele Spieler 1: 90 %
Gewonnene Spiele Spieler 2: 10 %
Beispiel eines von Spieler 1 gewonnenen Spiels:
Zug  0, Spieler 1 : (3,4,5) -> (0,4,5)
Zug  1, Spieler 2 : (0,4,5) -> (0,4,0)
Zug  2, Spieler 1 : (0,4,0) -> (0,0,0)
Beispiel eines von Spieler 2 gewonnenen Spiels:
Zug  0, Spieler 1 : (3,4,5) -> (0,4,5)
Zug  1, Spieler 2 : (0,4,5) -> (0,3,5)
Zug  2, Spieler 1 : (0,3,5) -> (0,1,5)
Zug  3, Spieler 2 : (0,1,5) -> (0,1,1)
Zug  4, Spieler 1 : (0,1,1) -> (0,0,1)
Zug  5, Spieler 2 : (0,0,1) -> (0,0,0)