# IHK Example 4
Startverteilung: (1,2,3,4,5,6,7,8,9)
Gewonnene Spiele Spieler 1: 100 %
Gewonnene Spiele Spieler 2: 0 %
Beispiel eines von Spieler 1 gewonnenen Spiels:
Zug  0, Spieler 1 : (1,2,3,4,5,6,7,8,9) -> (1,0,3,4,5,6,7,8,9)
Zug  1, Spieler 2 : (1,0,3,4,5,6,7,8,9) -> (1,0,3,4,5,6,7,5,9)
Zug  2, Spieler 1 : (1,0,3,4,5,6,7,5,9) -> (1,0,1,4,5,6,7,5,9)
Zug  3, Spieler 2 : (1,0,1,4,5,6,7,5,9) -> (1,0,1,4,5,6,7,5,1)
Zug  4, Spieler 1 : (1,0,1,4,5,6,7,5,1) -> (1,0,1,1,5,6,7,5,1)
Zug  5, Spieler 2 : (1,0,1,1,5,6,7,5,1) -> (0,0,1,1,5,6,7,5,1)
Zug  6, Spieler 1 : (0,0,1,1,5,6,7,5,1) -> (0,0,1,1,0,6,7,5,1)
Zug  7, Spieler 2 : (0,0,1,1,0,6,7,5,1) -> (0,0,1,0,0,6,7,5,1)
Zug  8, Spieler 1 : (0,0,1,0,0,6,7,5,1) -> (0,0,1,0,0,0,7,5,1)
Zug  9, Spieler 2 : (0,0,1,0,0,0,7,5,1) -> (0,0,1,0,0,0,7,4,1)
Zug 10, Spieler 1 : (0,0,1,0,0,0,7,4,1) -> (0,0,1,0,0,0,1,4,1)
Zug 11, Spieler 2 : (0,0,1,0,0,0,1,4,1) -> (0,0,1,0,0,0,0,4,1)
Zug 12, Spieler 1 : (0,0,1,0,0,0,0,4,1) -> (0,0,1,0,0,0,0,0,1)
Zug 13, Spieler 2 : (0,0,1,0,0,0,0,0,1) -> (0,0,1,0,0,0,0,0,0)
Zug 14, Spieler 1 : (0,0,1,0,0,0,0,0,0) -> (0,0,0,0,0,0,0,0,0)
Beispiel eines von Spieler 2 gewonnenen Spiels:
Nicht vorhanden.