# Example - Invalid Values
Startverteilung: (9,1)
Gewonnene Spiele Spieler 1: 100 %
Gewonnene Spiele Spieler 2: 0 %
Beispiel eines von Spieler 1 gewonnenen Spiels:
Zug  0, Spieler 1 : (9,1) -> (1,1)
Zug  1, Spieler 2 : (1,1) -> (0,1)
Zug  2, Spieler 1 : (0,1) -> (0,0)
Beispiel eines von Spieler 2 gewonnenen Spiels:
Nicht vorhanden.

Warnungen:
Der Wert 42 wurde zu 9 korrigiert!
Der Wert 0 wurde zu 1 korrigiert!