# Example - Maximal
Startverteilung: (9,9,9,9,9,9,9,9,9)
Gewonnene Spiele Spieler 1: 100 %
Gewonnene Spiele Spieler 2: 0 %
Beispiel eines von Spieler 1 gewonnenen Spiels:
Zug  0, Spieler 1 : (9,9,9,9,9,9,9,9,9) -> (0,9,9,9,9,9,9,9,9)
Zug  1, Spieler 2 : (0,9,9,9,9,9,9,9,9) -> (0,9,9,3,9,9,9,9,9)
Zug  2, Spieler 1 : (0,9,9,3,9,9,9,9,9) -> (0,1,9,3,9,9,9,9,9)
Zug  3, Spieler 2 : (0,1,9,3,9,9,9,9,9) -> (0,1,9,3,9,9,9,3,9)
Zug  4, Spieler 1 : (0,1,9,3,9,9,9,3,9) -> (0,1,1,3,9,9,9,3,9)
Zug  5, Spieler 2 : (0,1,1,3,9,9,9,3,9) -> (0,1,1,3,9,2,9,3,9)
Zug  6, Spieler 1 : (0,1,1,3,9,2,9,3,9) -> (0,1,1,1,9,2,9,3,9)
Zug  7, Spieler 2 : (0,1,1,1,9,2,9,3,9) -> (0,1,1,0,9,2,9,3,9)
Zug  8, Spieler 1 : (0,1,1,0,9,2,9,3,9) -> (0,1,1,0,0,2,9,3,9)
Zug  9, Spieler 2 : (0,1,1,0,0,2,9,3,9) -> (0,1,1,0,0,2,1,3,9)
Zug 10, Spieler 1 : (0,1,1,0,0,2,1,3,9) -> (0,1,1,0,0,1,1,3,9)
Zug 11, Spieler 2 : (0,1,1,0,0,1,1,3,9) -> (0,1,1,0,0,1,1,3,5)
Zug 12, Spieler 1 : (0,1,1,0,0,1,1,3,5) -> (0,1,1,0,0,1,1,1,5)
Zug 13, Spieler 2 : (0,1,1,0,0,1,1,1,5) -> (0,0,1,0,0,1,1,1,5)
Zug 14, Spieler 1 : (0,0,1,0,0,1,1,1,5) -> (0,0,1,0,0,1,1,1,0)
Zug 15, Spieler 2 : (0,0,1,0,0,1,1,1,0) -> (0,0,1,0,0,1,1,0,0)
Zug 16, Spieler 1 : (0,0,1,0,0,1,1,0,0) -> (0,0,0,0,0,1,1,0,0)
Zug 17, Spieler 2 : (0,0,0,0,0,1,1,0,0) -> (0,0,0,0,0,1,0,0,0)
Zug 18, Spieler 1 : (0,0,0,0,0,1,0,0,0) -> (0,0,0,0,0,0,0,0,0)
Beispiel eines von Spieler 2 gewonnenen Spiels:
Nicht vorhanden.