# Example - Minimal
Startverteilung: (1)
Gewonnene Spiele Spieler 1: 100 %
Gewonnene Spiele Spieler 2: 0 %
Beispiel eines von Spieler 1 gewonnenen Spiels:
Zug  1, Spieler 1 : (1) -> (0)
Beispiel eines von Spieler 2 gewonnenen Spiels:
Nicht vorhanden.