# Example - Multiple Spaces
Startverteilung: (1,2,3)
Gewonnene Spiele Spieler 1: 70 %
Gewonnene Spiele Spieler 2: 30 %
Beispiel eines von Spieler 1 gewonnenen Spiels:
Zug  1, Spieler 1 : (1,2,3) -> (1,0,3)
Zug  2, Spieler 2 : (1,0,3) -> (1,0,0)
Zug  3, Spieler 1 : (1,0,0) -> (0,0,0)
Beispiel eines von Spieler 2 gewonnenen Spiels:
Zug  1, Spieler 1 : (1,2,3) -> (1,0,3)
Zug  2, Spieler 2 : (1,0,3) -> (1,0,1)
Zug  3, Spieler 1 : (1,0,1) -> (0,0,1)
Zug  4, Spieler 2 : (0,0,1) -> (0,0,0)