Fehler: Bei Einlesen wurden kein gueltiger Kommentar gefunden! Es muss mindens eine Zeile geben, die mit dem Kommentarzeichen '#' beginnt.