Fehler: Bei Einlesen wurden keine Daten gefunden! Die Datei muss eine Zeile mit den Werten der Reihen haben.