Fehler: Bei Einlesen wurden zu viele Reihen gefunden!Es dÃ¼rfen nur 1 bis 9enthalten sein