Fehler: Bei Einlesen wurden kein korrekten Trennzeichen gefunden. Es sind nur Leerzeichen als Trennzeichen erlaubt.